// Jest Snapshot v1, https://goo.gl/fbAQLP

exports[`The main browser panel instance should renders correctly 1`] = `<WithWidth(MainPanel) />`;
